// Jest Snapshot v1, https://goo.gl/fbAQLP

exports[`renders Nav correctly 1`] = `
.c0 {
  display: -webkit-box;
  display: -webkit-flex;
  display: -ms-flexbox;
  display: flex;
  -webkit-box-pack: space-evenly;
  -webkit-justify-content: space-evenly;
  -ms-flex-pack: space-evenly;
  justify-content: space-evenly;
  margin: auto;
  -webkit-flex-direction: column;
  -ms-flex-direction: column;
  flex-direction: column;
}

.c1 {
  -webkit-flex-direction: column;
  -ms-flex-direction: column;
  flex-direction: column;
  min-width: 6rem;
  margin-top: 0;
  padding: 1rem 1rem;
  background-color: #f54e75;
  color: #ffffff;
  border-radius: 5px;
}

.c1:not(:first-child) {
  margin-top: 1rem;
}

.c1:hover {
  background-color: #b70a32;
}

@media (min-width:480px) {
  .c0 {
    -webkit-flex-direction: row;
    -ms-flex-direction: row;
    flex-direction: row;
  }
}

@media (min-width:480px) {
  .c1:not(:first-child) {
    margin-top: 0;
  }
}

<div>
  <nav
    class="c0"
  >
    <a
      class="c1"
      href="/"
    >
      Rockets
    </a>
    <a
      class="c1"
      href="/dragons"
    >
      Dragons
    </a>
  </nav>
</div>
`;
